  [Stage 1] Finding single-ERC EPMs...
  [Stage 2] Building fundamental graph...
  [Stage 2] Running Mode-1 DFS...
[baseline] food=['co2_e', 'glc__D_e', 'h2o_e', 'h_e', 'nh4_e', 'o2_e', 'pi_e']  n_epms=15  mean_size=15.1  max_size=17  (72 species, 141 reactions, 49 ERCs)
  [Stage 1] Finding single-ERC EPMs...
  [Stage 2] Building fundamental graph...
  [Stage 2] Running Mode-1 DFS...
  [Stage 1] Finding single-ERC EPMs...
  [Stage 2] Building fundamental graph...
  [Stage 2] Running Mode-1 DFS...
  [Stage 1] Finding single-ERC EPMs...
  [Stage 2] Building fundamental graph...
  [Stage 2] Running Mode-1 DFS...
  [Stage 1] Finding single-ERC EPMs...
  [Stage 2] Building fundamental graph...
  [Stage 2] Running Mode-1 DFS...
  [Stage 1] Finding single-ERC EPMs...
  [Stage 2] Building fundamental graph...
  [Stage 2] Running Mode-1 DFS...
  [Stage 1] Finding single-ERC EPMs...
  [Stage 2] Building fundamental graph...
  [Stage 2] Running Mode-1 DFS...
  ... 6/65 candidates done (0.2s)
  [Stage 1] Finding single-ERC EPMs...
  [Stage 2] Building fundamental graph...
  [Stage 2] Running Mode-1 DFS...
  [Stage 1] Finding single-ERC EPMs...
  [Stage 2] Building fundamental graph...
  [Stage 2] Running Mode-1 DFS...
  [Stage 1] Finding single-ERC EPMs...
  [Stage 2] Building fundamental graph...
  [Stage 2] Running Mode-1 DFS...
  [Stage 1] Finding single-ERC EPMs...
  [Stage 2] Building fundamental graph...
  [Stage 2] Running Mode-1 DFS...
  [Stage 1] Finding single-ERC EPMs...
  [Stage 2] Building fundamental graph...
  [Stage 2] Running Mode-1 DFS...
  [Stage 1] Finding single-ERC EPMs...
  [Stage 2] Building fundamental graph...
  [Stage 2] Running Mode-1 DFS...
  ... 12/65 candidates done (0.3s)
  [Stage 1] Finding single-ERC EPMs...
  [Stage 2] Building fundamental graph...
  [Stage 2] Running Mode-1 DFS...
  [Stage 1] Finding single-ERC EPMs...
  [Stage 2] Building fundamental graph...
  [Stage 2] Running Mode-1 DFS...
  [Stage 1] Finding single-ERC EPMs...
  [Stage 2] Building fundamental graph...
  [Stage 2] Running Mode-1 DFS...
  [Stage 1] Finding single-ERC EPMs...
  [Stage 2] Building fundamental graph...
  [Stage 2] Running Mode-1 DFS...
  [Stage 1] Finding single-ERC EPMs...
  [Stage 2] Building fundamental graph...
  [Stage 2] Running Mode-1 DFS...
  [Stage 1] Finding single-ERC EPMs...
  [Stage 2] Building fundamental graph...
  [Stage 2] Running Mode-1 DFS...
  ... 18/65 candidates done (0.5s)
  [Stage 1] Finding single-ERC EPMs...
  [Stage 2] Building fundamental graph...
  [Stage 2] Running Mode-1 DFS...
  [Stage 1] Finding single-ERC EPMs...
  [Stage 2] Building fundamental graph...
  [Stage 2] Running Mode-1 DFS...
  [Stage 1] Finding single-ERC EPMs...
  [Stage 2] Building fundamental graph...
  [Stage 2] Running Mode-1 DFS...
  [Stage 1] Finding single-ERC EPMs...
  [Stage 2] Building fundamental graph...
  [Stage 2] Running Mode-1 DFS...
  [Stage 1] Finding single-ERC EPMs...
  [Stage 2] Building fundamental graph...
  [Stage 2] Running Mode-1 DFS...
  [Stage 1] Finding single-ERC EPMs...
  [Stage 2] Building fundamental graph...
  [Stage 2] Running Mode-1 DFS...
  ... 24/65 candidates done (0.7s)
  [Stage 1] Finding single-ERC EPMs...
  [Stage 2] Building fundamental graph...
  [Stage 2] Running Mode-1 DFS...
  [Stage 1] Finding single-ERC EPMs...
  [Stage 2] Building fundamental graph...
  [Stage 2] Running Mode-1 DFS...
  [Stage 1] Finding single-ERC EPMs...
  [Stage 2] Building fundamental graph...
  [Stage 2] Running Mode-1 DFS...
  [Stage 1] Finding single-ERC EPMs...
  [Stage 2] Building fundamental graph...
  [Stage 2] Running Mode-1 DFS...
  [Stage 1] Finding single-ERC EPMs...
  [Stage 2] Building fundamental graph...
  [Stage 2] Running Mode-1 DFS...
  [Stage 1] Finding single-ERC EPMs...
  [Stage 2] Building fundamental graph...
  [Stage 2] Running Mode-1 DFS...
  ... 30/65 candidates done (0.8s)
  [Stage 1] Finding single-ERC EPMs...
  [Stage 2] Building fundamental graph...
  [Stage 2] Running Mode-1 DFS...
  [Stage 1] Finding single-ERC EPMs...
  [Stage 2] Building fundamental graph...
  [Stage 2] Running Mode-1 DFS...
  [Stage 1] Finding single-ERC EPMs...
  [Stage 2] Building fundamental graph...
  [Stage 2] Running Mode-1 DFS...
  [Stage 1] Finding single-ERC EPMs...
  [Stage 2] Building fundamental graph...
  [Stage 2] Running Mode-1 DFS...
  [Stage 1] Finding single-ERC EPMs...
  [Stage 2] Building fundamental graph...
  [Stage 2] Running Mode-1 DFS...
  [Stage 1] Finding single-ERC EPMs...
  [Stage 2] Building fundamental graph...
  [Stage 2] Running Mode-1 DFS...
  ... 36/65 candidates done (1.0s)
  [Stage 1] Finding single-ERC EPMs...
  [Stage 2] Building fundamental graph...
  [Stage 2] Running Mode-1 DFS...
  [Stage 1] Finding single-ERC EPMs...
  [Stage 2] Building fundamental graph...
  [Stage 2] Running Mode-1 DFS...
  [Stage 1] Finding single-ERC EPMs...
  [Stage 2] Building fundamental graph...
  [Stage 2] Running Mode-1 DFS...
  [Stage 1] Finding single-ERC EPMs...
  [Stage 2] Building fundamental graph...
  [Stage 2] Running Mode-1 DFS...
  [Stage 1] Finding single-ERC EPMs...
  [Stage 2] Building fundamental graph...
  [Stage 2] Running Mode-1 DFS...
  [Stage 1] Finding single-ERC EPMs...
  [Stage 2] Building fundamental graph...
  [Stage 2] Running Mode-1 DFS...
  ... 42/65 candidates done (1.1s)
  [Stage 1] Finding single-ERC EPMs...
  [Stage 2] Building fundamental graph...
  [Stage 2] Running Mode-1 DFS...
  [Stage 1] Finding single-ERC EPMs...
  [Stage 2] Building fundamental graph...
  [Stage 2] Running Mode-1 DFS...
  [Stage 1] Finding single-ERC EPMs...
  [Stage 2] Building fundamental graph...
  [Stage 2] Running Mode-1 DFS...
  [Stage 1] Finding single-ERC EPMs...
  [Stage 2] Building fundamental graph...
  [Stage 2] Running Mode-1 DFS...
  [Stage 1] Finding single-ERC EPMs...
  [Stage 2] Building fundamental graph...
  [Stage 2] Running Mode-1 DFS...
  [Stage 1] Finding single-ERC EPMs...
  [Stage 2] Building fundamental graph...
  [Stage 2] Running Mode-1 DFS...
  ... 48/65 candidates done (1.3s)
  [Stage 1] Finding single-ERC EPMs...
  [Stage 2] Building fundamental graph...
  [Stage 2] Running Mode-1 DFS...
  [Stage 1] Finding single-ERC EPMs...
  [Stage 2] Building fundamental graph...
  [Stage 2] Running Mode-1 DFS...
  [Stage 1] Finding single-ERC EPMs...
  [Stage 2] Building fundamental graph...
  [Stage 2] Running Mode-1 DFS...
  [Stage 1] Finding single-ERC EPMs...
  [Stage 2] Building fundamental graph...
  [Stage 2] Running Mode-1 DFS...
  [Stage 1] Finding single-ERC EPMs...
  [Stage 2] Building fundamental graph...
  [Stage 2] Running Mode-1 DFS...
  [Stage 1] Finding single-ERC EPMs...
  [Stage 2] Building fundamental graph...
  [Stage 2] Running Mode-1 DFS...
  ... 54/65 candidates done (1.5s)
  [Stage 1] Finding single-ERC EPMs...
  [Stage 2] Building fundamental graph...
  [Stage 2] Running Mode-1 DFS...
  [Stage 1] Finding single-ERC EPMs...
  [Stage 2] Building fundamental graph...
  [Stage 2] Running Mode-1 DFS...
  [Stage 1] Finding single-ERC EPMs...
  [Stage 2] Building fundamental graph...
  [Stage 2] Running Mode-1 DFS...
  [Stage 1] Finding single-ERC EPMs...
  [Stage 2] Building fundamental graph...
  [Stage 2] Running Mode-1 DFS...
  [Stage 1] Finding single-ERC EPMs...
  [Stage 2] Building fundamental graph...
  [Stage 2] Running Mode-1 DFS...
  [Stage 1] Finding single-ERC EPMs...
  [Stage 2] Building fundamental graph...
  [Stage 2] Running Mode-1 DFS...
  ... 60/65 candidates done (1.7s)
  [Stage 1] Finding single-ERC EPMs...
  [Stage 2] Building fundamental graph...
  [Stage 2] Running Mode-1 DFS...
  [Stage 1] Finding single-ERC EPMs...
  [Stage 2] Building fundamental graph...
  [Stage 2] Running Mode-1 DFS...
  [Stage 1] Finding single-ERC EPMs...
  [Stage 2] Building fundamental graph...
  [Stage 2] Running Mode-1 DFS...
  [Stage 1] Finding single-ERC EPMs...
  [Stage 2] Building fundamental graph...
  [Stage 2] Running Mode-1 DFS...
  [Stage 1] Finding single-ERC EPMs...
  [Stage 2] Building fundamental graph...
  [Stage 2] Running Mode-1 DFS...

=== Top 20 fusigenic candidates (by fusion_score = Delta_mean_size * (1 + max(0,-Delta_count)), fusion only) ===
species               n_epms  d_count  mean_size   d_mean  max_size   d_max  fusion_score
2pg_c                     11       -4       23.4     +8.2        29     +12         41.15
3pg_c                     11       -4       23.4     +8.2        29     +12         41.15
pep_c                     11       -4       23.4     +8.2        29     +12         41.15
acon_C_c                  12       -3       20.9     +5.8        22      +5         23.13
cit_c                     12       -3       20.9     +5.8        22      +5         23.13
icit_c                    12       -3       20.9     +5.8        22      +5         23.13
adp_c                     12       -3       18.8     +3.7        26      +9         14.80
atp_c                     12       -3       18.8     +3.7        26      +9         14.80
accoa_c                   11       -4       17.8     +2.7        18      +1         13.42
dhap_c                    15        0       25.2    +10.1        27     +10         10.07
fdp_c                     15        0       25.2    +10.1        27     +10         10.07
g3p_c                     15        0       25.2    +10.1        27     +10         10.07
r5p_c                     15        0       25.2    +10.1        27     +10         10.07
ru5p__D_c                 15        0       25.2    +10.1        27     +10         10.07
xu5p__D_c                 15        0       25.2    +10.1        27     +10         10.07
fum_e                     13       -2       18.0     +2.9        19      +2          8.60
gln__L_c                  13       -2       18.0     +2.9        19      +2          8.60
mal__L_e                  13       -2       18.0     +2.9        19      +2          8.60
pyr_c                     11       -4       16.8     +1.7        17      +0          8.42
pyr_e                     11       -4       16.8     +1.7        17      +0          8.42

6/65 candidates had NO effect on EPM structure at all.
