  [Stage 1] Finding single-ERC EPMs...
  [Stage 2] Building fundamental graph...
  [Stage 2] Running Mode-1 DFS...
[baseline] food=['co2_e', 'glc__D_e', 'h2o_e', 'h_e', 'nh4_e', 'o2_e', 'pi_e']  n_epms=182  mean_size=25.7  max_size=31  (1668 species, 2942 reactions, 1518 ERCs)
  [Stage 1] Finding single-ERC EPMs...
  [Stage 2] Building fundamental graph...
  [Stage 2] Running Mode-1 DFS...
  ... 1/15 candidates done (48.4s)
  [Stage 1] Finding single-ERC EPMs...
  [Stage 2] Building fundamental graph...
  [Stage 2] Running Mode-1 DFS...
  ... 2/15 candidates done (101.6s)
  [Stage 1] Finding single-ERC EPMs...
  [Stage 2] Building fundamental graph...
  [Stage 2] Running Mode-1 DFS...
  ... 3/15 candidates done (154.7s)
  [Stage 1] Finding single-ERC EPMs...
  [Stage 2] Building fundamental graph...
  [Stage 2] Running Mode-1 DFS...
  ... 4/15 candidates done (208.9s)
  [Stage 1] Finding single-ERC EPMs...
  [Stage 2] Building fundamental graph...
  [Stage 2] Running Mode-1 DFS...
  ... 5/15 candidates done (257.0s)
  [Stage 1] Finding single-ERC EPMs...
  [Stage 2] Building fundamental graph...
  [Stage 2] Running Mode-1 DFS...
  ... 6/15 candidates done (305.4s)
  [Stage 1] Finding single-ERC EPMs...
  [Stage 2] Building fundamental graph...
  [Stage 2] Running Mode-1 DFS...
  ... 7/15 candidates done (356.0s)
  [Stage 1] Finding single-ERC EPMs...
  [Stage 2] Building fundamental graph...
  [Stage 2] Running Mode-1 DFS...
  ... 8/15 candidates done (404.3s)
  [Stage 1] Finding single-ERC EPMs...
  [Stage 2] Building fundamental graph...
  [Stage 2] Running Mode-1 DFS...
  ... 9/15 candidates done (454.0s)
  [Stage 1] Finding single-ERC EPMs...
  [Stage 2] Building fundamental graph...
  [Stage 2] Running Mode-1 DFS...
  ... 10/15 candidates done (508.1s)
  [Stage 1] Finding single-ERC EPMs...
  [Stage 2] Building fundamental graph...
  [Stage 2] Running Mode-1 DFS...
  ... 11/15 candidates done (565.2s)
  [Stage 1] Finding single-ERC EPMs...
  [Stage 2] Building fundamental graph...
  [Stage 2] Running Mode-1 DFS...
  ... 12/15 candidates done (626.0s)
  [Stage 1] Finding single-ERC EPMs...
  [Stage 2] Building fundamental graph...
  [Stage 2] Running Mode-1 DFS...
  ... 13/15 candidates done (685.6s)
  [Stage 1] Finding single-ERC EPMs...
  [Stage 2] Building fundamental graph...
  [Stage 2] Running Mode-1 DFS...
  ... 14/15 candidates done (741.0s)
  [Stage 1] Finding single-ERC EPMs...
  [Stage 2] Building fundamental graph...
  [Stage 2] Running Mode-1 DFS...
  ... 15/15 candidates done (790.4s)

=== Top 15 fusigenic candidates (by fusion_score = Delta_mean_size * (1 + max(0,-Delta_count)), fusion only) ===
species               n_epms  d_count  mean_size   d_mean  max_size   d_max  fusion_score
fe2_e                    181       -1       30.7     +5.0        37      +6         10.02
ni2_e                    181       -1       28.7     +3.0        34      +3          6.00
cobalt2_e                181       -1       28.7     +3.0        34      +3          6.00
mn2_e                    181       -1       28.7     +3.0        34      +3          6.00
mg2_e                    181       -1       28.7     +3.0        34      +3          6.00
zn2_e                    181       -1       28.7     +3.0        34      +3          6.00
k_e                      181       -1       28.7     +3.0        34      +3          6.00
na1_e                    181       -1       27.7     +2.1        33      +2          4.12
mobd_e                   181       -1       27.7     +2.0        33      +2          4.01
tungs_e                  181       -1       27.7     +2.0        33      +2          4.01
ca2_e                    181       -1       27.7     +2.0        33      +2          4.01
so4_e                    181       -1       27.7     +2.0        33      +2          4.01
cu2_e                    182        0       28.6     +3.0        34      +3          2.99
fe3_e                    182        0       27.7     +2.0        33      +2          2.01
cbl1_e                   182        0       27.7     +2.0        33      +2          2.00

0/15 candidates had NO effect on EPM structure at all.
